self-play game 61: 160 positions, ply_cap
self-play game 62: 33 positions, terminal
self-play game 63: 144 positions, terminal
self-play game 64: 160 positions, ply_cap
self-play game 65: 160 positions, ply_cap
self-play game 66: 160 positions, ply_cap
self-play game 67: 23 positions, terminal
self-play game 68: 41 positions, terminal
self-play game 69: 49 positions, terminal
self-play game 70: 160 positions, ply_cap
self-play game 71: 67 positions, terminal
self-play game 72: 38 positions, terminal
self-play game 73: 15 positions, terminal
self-play game 74: 20 positions, terminal
self-play game 75: 40 positions, terminal
self-play game 76: 160 positions, ply_cap
self-play game 77: 109 positions, terminal
self-play game 78: 56 positions, terminal
self-play game 79: 72 positions, terminal
self-play game 80: 160 positions, ply_cap
self-play game 81: 34 positions, terminal
self-play game 82: 138 positions, terminal
self-play game 83: 91 positions, terminal
self-play game 84: 160 positions, ply_cap
self-play game 85: 160 positions, ply_cap
self-play game 86: 77 positions, terminal
self-play game 87: 44 positions, terminal
self-play game 88: 36 positions, terminal
self-play game 89: 23 positions, terminal
self-play game 90: 69 positions, terminal
self-play game 91: 151 positions, terminal
self-play game 92: 44 positions, terminal
{
  "status": "stopped",
  "elapsed_seconds": 28800.0,
  "aborted_work": [
    {
      "phase": "selfplay",
      "reason": "hard deadline"
    }
  ]
}
