self-play game 97: 107 positions, terminal
self-play game 98: 53 positions, terminal
self-play game 99: 160 positions, ply_cap
self-play game 100: 160 positions, ply_cap
self-play game 101: 160 positions, ply_cap
self-play game 102: 65 positions, terminal
self-play game 103: 160 positions, ply_cap
self-play game 104: 71 positions, terminal
self-play game 105: 160 positions, ply_cap
self-play game 106: 85 positions, terminal
self-play game 107: 160 positions, ply_cap
self-play game 108: 160 positions, ply_cap
self-play game 109: 22 positions, terminal
self-play game 110: 160 positions, ply_cap
self-play game 111: 160 positions, ply_cap
self-play game 112: 37 positions, terminal
self-play game 113: 140 positions, terminal
self-play game 114: 29 positions, terminal
self-play game 115: 160 positions, ply_cap
self-play game 116: 160 positions, ply_cap
self-play game 117: 160 positions, ply_cap
self-play game 118: 160 positions, ply_cap
self-play game 119: 107 positions, terminal
self-play game 120: 106 positions, terminal
self-play game 121: 61 positions, terminal
self-play game 122: 160 positions, ply_cap
self-play game 123: 35 positions, terminal
self-play game 124: 160 positions, ply_cap
self-play game 125: 160 positions, ply_cap
self-play game 126: 38 positions, terminal
self-play game 127: 44 positions, terminal
self-play game 128: 51 positions, terminal
self-play game 129: 73 positions, terminal
self-play game 130: 160 positions, ply_cap
self-play game 131: 160 positions, ply_cap
self-play game 132: 95 positions, terminal
self-play game 133: 40 positions, terminal
self-play game 134: 46 positions, terminal
self-play game 135: 160 positions, ply_cap
self-play game 136: 160 positions, ply_cap
self-play game 137: 26 positions, terminal
self-play game 138: 160 positions, ply_cap
self-play game 139: 73 positions, terminal
self-play game 140: 71 positions, terminal
self-play game 141: 26 positions, terminal
self-play game 142: 44 positions, terminal
self-play game 143: 32 positions, terminal
self-play game 144: 146 positions, terminal
G11: arena 1/40
G11: arena 2/40
G11: arena 3/40
G11: arena 4/40
G11: arena 5/40
G11: arena 6/40
G11: arena 7/40
G11: arena 8/40
G11: arena 9/40
G11: arena 10/40
G11: arena 11/40
G11: arena 12/40
G11: arena 13/40
G11: arena 14/40
G11: arena 15/40
G11: arena 16/40
G11: arena 17/40
G11: arena 18/40
G11: arena 19/40
G11: arena 20/40
G11: arena 21/40
G11: arena 22/40
G11: arena 23/40
G11: arena 24/40
G11: arena 25/40
G11: arena 26/40
G11: arena 27/40
G11: arena 28/40
G11: arena 29/40
G11: arena 30/40
G11: arena 31/40
G11: arena 32/40
G11: arena 33/40
G11: arena 34/40
G11: arena 35/40
G11: arena 36/40
G11: arena 37/40
G11: arena 38/40
G11: arena 39/40
G11: arena 40/40
G11: score 0.487, rejected
self-play game 145: 160 positions, ply_cap
self-play game 146: 114 positions, terminal
self-play game 147: 160 positions, ply_cap
self-play game 148: 16 positions, terminal
self-play game 149: 72 positions, terminal
self-play game 150: 160 positions, ply_cap
self-play game 151: 110 positions, terminal
self-play game 152: 160 positions, ply_cap
self-play game 153: 160 positions, ply_cap
self-play game 154: 40 positions, terminal
self-play game 155: 148 positions, terminal
self-play game 156: 70 positions, terminal
self-play game 157: 160 positions, ply_cap
self-play game 158: 58 positions, terminal
self-play game 159: 97 positions, terminal
self-play game 160: 160 positions, ply_cap
self-play game 161: 160 positions, ply_cap
self-play game 162: 160 positions, ply_cap
self-play game 163: 47 positions, terminal
self-play game 164: 160 positions, ply_cap
self-play game 165: 45 positions, terminal
self-play game 166: 117 positions, terminal
self-play game 167: 160 positions, ply_cap
self-play game 168: 129 positions, terminal
self-play game 169: 39 positions, terminal
self-play game 170: 24 positions, terminal
self-play game 171: 160 positions, ply_cap
self-play game 172: 39 positions, terminal
self-play game 173: 31 positions, terminal
self-play game 174: 29 positions, terminal
self-play game 175: 160 positions, ply_cap
self-play game 176: 160 positions, ply_cap
self-play game 177: 160 positions, ply_cap
self-play game 178: 160 positions, ply_cap
self-play game 179: 37 positions, terminal
self-play game 180: 20 positions, terminal
self-play game 181: 145 positions, terminal
self-play game 182: 160 positions, ply_cap
{
  "status": "stopped",
  "elapsed_seconds": 27440.45300000001,
  "aborted_work": [
    {
      "phase": "selfplay",
      "reason": "hard deadline"
    }
  ]
}
