self-play game 17: 112 positions, terminal
self-play game 18: 52 positions, terminal
self-play game 19: 28 positions, terminal
self-play game 20: 160 positions, ply_cap
self-play game 21: 160 positions, ply_cap
self-play game 22: 14 positions, terminal
self-play game 23: 160 positions, ply_cap
self-play game 24: 56 positions, terminal
self-play game 25: 36 positions, terminal
self-play game 26: 160 positions, ply_cap
self-play game 27: 160 positions, ply_cap
self-play game 28: 160 positions, ply_cap
self-play game 29: 116 positions, terminal
self-play game 30: 160 positions, ply_cap
self-play game 31: 160 positions, ply_cap
self-play game 32: 85 positions, terminal
self-play game 33: 45 positions, terminal
self-play game 34: 59 positions, terminal
self-play game 35: 160 positions, ply_cap
self-play game 36: 160 positions, ply_cap
self-play game 37: 55 positions, terminal
self-play game 38: 56 positions, terminal
self-play game 39: 160 positions, ply_cap
self-play game 40: 160 positions, ply_cap
self-play game 41: 61 positions, terminal
self-play game 42: 134 positions, terminal
self-play game 43: 160 positions, ply_cap
self-play game 44: 160 positions, ply_cap
self-play game 45: 66 positions, terminal
self-play game 46: 71 positions, terminal
self-play game 47: 160 positions, ply_cap
self-play game 48: 160 positions, ply_cap
self-play game 49: 160 positions, ply_cap
self-play game 50: 149 positions, terminal
self-play game 51: 160 positions, ply_cap
self-play game 52: 35 positions, terminal
self-play game 53: 160 positions, ply_cap
self-play game 54: 159 positions, terminal
self-play game 55: 68 positions, terminal
self-play game 56: 78 positions, terminal
self-play game 57: 160 positions, ply_cap
self-play game 58: 23 positions, terminal
self-play game 59: 160 positions, ply_cap
self-play game 60: 103 positions, terminal
{
  "status": "stopped",
  "elapsed_seconds": 21650.20299999998,
  "aborted_work": [
    {
      "phase": "arena",
      "reason": "RAM below 2 GiB; resume when memory is available"
    }
  ]
}
